#! /usr/bin/vvp
:ivl_version "12.0 (stable)";
:ivl_delay_selection "TYPICAL";
:vpi_time_precision - 12;
:vpi_module "/usr/lib/x86_64-linux-gnu/ivl/system.vpi";
:vpi_module "/usr/lib/x86_64-linux-gnu/ivl/vhdl_sys.vpi";
:vpi_module "/usr/lib/x86_64-linux-gnu/ivl/vhdl_textio.vpi";
:vpi_module "/usr/lib/x86_64-linux-gnu/ivl/v2005_math.vpi";
:vpi_module "/usr/lib/x86_64-linux-gnu/ivl/va_math.vpi";
S_0x61b575797390 .scope module, "sqrt_TB" "sqrt_TB" 2 3;
 .timescale -9 -12;
v0x61b5757dad70_0 .var "Radicando", 15 0;
v0x61b5757daea0_0 .net "Raiz", 7 0, v0x61b5757d9120_0;  1 drivers
v0x61b5757dafb0_0 .var "clk", 0 0;
v0x61b5757db050_0 .net "done", 0 0, v0x61b5757d7fd0_0;  1 drivers
v0x61b5757db0f0_0 .var "rst", 0 0;
v0x61b5757db230_0 .var "start", 0 0;
E_0x61b575798300 .event anyedge, v0x61b5757d7fd0_0;
S_0x61b575797520 .scope module, "uut" "sqrt" 2 18, 3 1 0, S_0x61b575797390;
 .timescale -9 -12;
    .port_info 0 /INPUT 1 "clk";
    .port_info 1 /INPUT 1 "rst";
    .port_info 2 /INPUT 1 "start";
    .port_info 3 /INPUT 16 "Radicando";
    .port_info 4 /OUTPUT 8 "Raiz";
    .port_info 5 /OUTPUT 1 "done";
v0x61b5757d9dc0_0 .net "I_count", 3 0, v0x61b5757b6140_0;  1 drivers
v0x61b5757d9ef0_0 .net "R_restado", 15 0, L_0x61b5757eb770;  1 drivers
v0x61b5757da000_0 .net "Radicando", 15 0, v0x61b5757dad70_0;  1 drivers
v0x61b5757da0a0_0 .net "Raiz", 7 0, v0x61b5757d9120_0;  alias, 1 drivers
v0x61b5757da170_0 .net "Reg_A", 15 0, v0x61b5757d8f40_0;  1 drivers
v0x61b5757da260_0 .net "Reg_R", 15 0, v0x61b5757d91e0_0;  1 drivers
v0x61b5757da300_0 .net "Reg_V", 15 0, L_0x61b5757eb470;  1 drivers
v0x61b5757da410_0 .net "W_I", 0 0, L_0x61b5757eb810;  1 drivers
v0x61b5757da500_0 .net "W_RV", 0 0, L_0x61b5757eb5b0;  1 drivers
v0x61b5757da630_0 .net "clk", 0 0, v0x61b5757dafb0_0;  1 drivers
v0x61b5757da6d0_0 .net "dec", 0 0, v0x61b5757d7f30_0;  1 drivers
v0x61b5757da7c0_0 .net "done", 0 0, v0x61b5757d7fd0_0;  alias, 1 drivers
v0x61b5757da860_0 .net "load_no", 0 0, v0x61b5757d80c0_0;  1 drivers
v0x61b5757da950_0 .net "load_si", 0 0, v0x61b5757d8160_0;  1 drivers
v0x61b5757daa40_0 .net "reset", 0 0, v0x61b5757d8200_0;  1 drivers
v0x61b5757daae0_0 .net "rst", 0 0, v0x61b5757db0f0_0;  1 drivers
v0x61b5757dab80_0 .net "shift_ops", 0 0, v0x61b5757d8340_0;  1 drivers
v0x61b5757dac70_0 .net "start", 0 0, v0x61b5757db230_0;  1 drivers
S_0x61b5757a17a0 .scope module, "check0" "check" 3 54, 4 1 0, S_0x61b575797520;
 .timescale -9 -12;
    .port_info 0 /INPUT 4 "I";
    .port_info 1 /OUTPUT 1 "W_I";
v0x61b5757b3d20_0 .net "I", 3 0, v0x61b5757b6140_0;  alias, 1 drivers
v0x61b5757b4100_0 .net "W_I", 0 0, L_0x61b5757eb810;  alias, 1 drivers
L_0x72aa817560f0 .functor BUFT 1, C4<0000>, C4<0>, C4<0>, C4<0>;
v0x61b5757b5e50_0 .net/2u *"_ivl_0", 3 0, L_0x72aa817560f0;  1 drivers
L_0x61b5757eb810 .cmp/eq 4, v0x61b5757b6140_0, L_0x72aa817560f0;
S_0x61b5757d75c0 .scope module, "cont0" "cont" 3 46, 5 1 0, S_0x61b575797520;
 .timescale -9 -12;
    .port_info 0 /INPUT 1 "clk";
    .port_info 1 /INPUT 1 "reset";
    .port_info 2 /INPUT 1 "dec";
    .port_info 3 /OUTPUT 4 "I";
v0x61b5757b6140_0 .var "I", 3 0;
v0x61b5757b6480_0 .net "clk", 0 0, v0x61b5757dafb0_0;  alias, 1 drivers
v0x61b5757b6830_0 .net "dec", 0 0, v0x61b5757d7f30_0;  alias, 1 drivers
v0x61b5757b8330_0 .net "reset", 0 0, v0x61b5757d8200_0;  alias, 1 drivers
E_0x61b575797c90 .event negedge, v0x61b5757b6480_0;
S_0x61b5757d78a0 .scope module, "ctrl0" "ctrl" 3 59, 6 1 0, S_0x61b575797520;
 .timescale -9 -12;
    .port_info 0 /INPUT 1 "clk";
    .port_info 1 /INPUT 1 "rst";
    .port_info 2 /INPUT 1 "start";
    .port_info 3 /INPUT 1 "W_I";
    .port_info 4 /INPUT 1 "W_RV";
    .port_info 5 /OUTPUT 1 "reset";
    .port_info 6 /OUTPUT 1 "shift_ops";
    .port_info 7 /OUTPUT 1 "load_si";
    .port_info 8 /OUTPUT 1 "load_no";
    .port_info 9 /OUTPUT 1 "dec";
    .port_info 10 /OUTPUT 1 "done";
P_0x61b5757d7a80 .param/l "BRANCH_RV" 0 6 19, C4<011>;
P_0x61b5757d7ac0 .param/l "CALC_V" 0 6 18, C4<010>;
P_0x61b5757d7b00 .param/l "CHECK_I" 0 6 17, C4<001>;
P_0x61b5757d7b40 .param/l "DEC_I" 0 6 20, C4<100>;
P_0x61b5757d7b80 .param/l "DONE_STATE" 0 6 21, C4<101>;
P_0x61b5757d7bc0 .param/l "INIT" 0 6 16, C4<000>;
v0x61b5757b8620_0 .net "W_I", 0 0, L_0x61b5757eb810;  alias, 1 drivers
v0x61b5757b8960_0 .net "W_RV", 0 0, L_0x61b5757eb5b0;  alias, 1 drivers
v0x61b5757866d0_0 .net "clk", 0 0, v0x61b5757dafb0_0;  alias, 1 drivers
v0x61b5757d7f30_0 .var "dec", 0 0;
v0x61b5757d7fd0_0 .var "done", 0 0;
v0x61b5757d80c0_0 .var "load_no", 0 0;
v0x61b5757d8160_0 .var "load_si", 0 0;
v0x61b5757d8200_0 .var "reset", 0 0;
v0x61b5757d82a0_0 .net "rst", 0 0, v0x61b5757db0f0_0;  alias, 1 drivers
v0x61b5757d8340_0 .var "shift_ops", 0 0;
v0x61b5757d8400_0 .net "start", 0 0, v0x61b5757db230_0;  alias, 1 drivers
v0x61b5757d84c0_0 .var "state", 2 0;
v0x61b5757d85a0_0 .var "state_name", 320 1;
E_0x61b575798340 .event anyedge, v0x61b5757d84c0_0;
E_0x61b575797a40 .event anyedge, v0x61b5757d84c0_0, v0x61b5757b8960_0;
E_0x61b575797f20 .event posedge, v0x61b5757d82a0_0, v0x61b5757b6480_0;
S_0x61b5757d87e0 .scope module, "op_artm0" "op_artm" 3 39, 7 1 0, S_0x61b575797520;
 .timescale -9 -12;
    .port_info 0 /INPUT 16 "R";
    .port_info 1 /INPUT 16 "V";
    .port_info 2 /OUTPUT 1 "W_RV";
    .port_info 3 /OUTPUT 16 "R_resta";
v0x61b5757d8970_0 .net "R", 15 0, v0x61b5757d91e0_0;  alias, 1 drivers
v0x61b5757d8a70_0 .net "R_resta", 15 0, L_0x61b5757eb770;  alias, 1 drivers
v0x61b5757d8b50_0 .net "V", 15 0, L_0x61b5757eb470;  alias, 1 drivers
v0x61b5757d8c10_0 .net "W_RV", 0 0, L_0x61b5757eb5b0;  alias, 1 drivers
L_0x61b5757eb5b0 .cmp/ge 16, v0x61b5757d91e0_0, L_0x61b5757eb470;
L_0x61b5757eb770 .arith/sub 16, v0x61b5757d91e0_0, L_0x61b5757eb470;
S_0x61b5757d8d10 .scope module, "raiz_reg0" "raiz_reg" 3 24, 8 1 0, S_0x61b575797520;
 .timescale -9 -12;
    .port_info 0 /INPUT 1 "clk";
    .port_info 1 /INPUT 1 "reset";
    .port_info 2 /INPUT 1 "shift_ops";
    .port_info 3 /INPUT 1 "load_si";
    .port_info 4 /INPUT 1 "load_no";
    .port_info 5 /INPUT 16 "A_in";
    .port_info 6 /INPUT 16 "R_next_si";
    .port_info 7 /INPUT 16 "R_next_no";
    .port_info 8 /OUTPUT 16 "A";
    .port_info 9 /OUTPUT 16 "R";
    .port_info 10 /OUTPUT 8 "Q";
    .port_info 11 /OUTPUT 16 "V";
v0x61b5757d8f40_0 .var "A", 15 0;
v0x61b5757d9040_0 .net "A_in", 15 0, v0x61b5757dad70_0;  alias, 1 drivers
v0x61b5757d9120_0 .var "Q", 7 0;
v0x61b5757d91e0_0 .var "R", 15 0;
v0x61b5757d92a0_0 .net "R_next_no", 15 0, v0x61b5757d91e0_0;  alias, 1 drivers
v0x61b5757d93e0_0 .net "R_next_si", 15 0, L_0x61b5757eb770;  alias, 1 drivers
v0x61b5757d94a0_0 .net "V", 15 0, L_0x61b5757eb470;  alias, 1 drivers
L_0x72aa81756018 .functor BUFT 1, C4<000000>, C4<0>, C4<0>, C4<0>;
v0x61b5757d9540_0 .net/2u *"_ivl_0", 5 0, L_0x72aa81756018;  1 drivers
L_0x72aa81756060 .functor BUFT 1, C4<00>, C4<0>, C4<0>, C4<0>;
v0x61b5757d9600_0 .net/2u *"_ivl_2", 1 0, L_0x72aa81756060;  1 drivers
v0x61b5757d9770_0 .net *"_ivl_4", 15 0, L_0x61b5757db320;  1 drivers
L_0x72aa817560a8 .functor BUFT 1, C4<0000000000000001>, C4<0>, C4<0>, C4<0>;
v0x61b5757d9850_0 .net/2u *"_ivl_6", 15 0, L_0x72aa817560a8;  1 drivers
v0x61b5757d9930_0 .net "clk", 0 0, v0x61b5757dafb0_0;  alias, 1 drivers
v0x61b5757d99d0_0 .net "load_no", 0 0, v0x61b5757d80c0_0;  alias, 1 drivers
v0x61b5757d9a70_0 .net "load_si", 0 0, v0x61b5757d8160_0;  alias, 1 drivers
v0x61b5757d9b10_0 .net "reset", 0 0, v0x61b5757d8200_0;  alias, 1 drivers
v0x61b5757d9c00_0 .net "shift_ops", 0 0, v0x61b5757d8340_0;  alias, 1 drivers
L_0x61b5757db320 .concat [ 2 8 6 0], L_0x72aa81756060, v0x61b5757d9120_0, L_0x72aa81756018;
L_0x61b5757eb470 .arith/sum 16, L_0x61b5757db320, L_0x72aa817560a8;
    .scope S_0x61b5757d8d10;
T_0 ;
    %wait E_0x61b575797c90;
    %load/vec4 v0x61b5757d9b10_0;
    %flag_set/vec4 8;
    %jmp/0xz  T_0.0, 8;
    %load/vec4 v0x61b5757d9040_0;
    %assign/vec4 v0x61b5757d8f40_0, 0;
    %pushi/vec4 0, 0, 16;
    %assign/vec4 v0x61b5757d91e0_0, 0;
    %pushi/vec4 0, 0, 8;
    %assign/vec4 v0x61b5757d9120_0, 0;
    %jmp T_0.1;
T_0.0 ;
    %load/vec4 v0x61b5757d9c00_0;
    %flag_set/vec4 8;
    %jmp/0xz  T_0.2, 8;
    %load/vec4 v0x61b5757d91e0_0;
    %parti/s 14, 0, 2;
    %load/vec4 v0x61b5757d8f40_0;
    %parti/s 2, 14, 5;
    %concat/vec4; draw_concat_vec4
    %assign/vec4 v0x61b5757d91e0_0, 0;
    %load/vec4 v0x61b5757d8f40_0;
    %parti/s 14, 0, 2;
    %concati/vec4 0, 0, 2;
    %assign/vec4 v0x61b5757d8f40_0, 0;
    %jmp T_0.3;
T_0.2 ;
    %load/vec4 v0x61b5757d9a70_0;
    %flag_set/vec4 8;
    %jmp/0xz  T_0.4, 8;
    %load/vec4 v0x61b5757d93e0_0;
    %assign/vec4 v0x61b5757d91e0_0, 0;
    %load/vec4 v0x61b5757d9120_0;
    %parti/s 7, 0, 2;
    %concati/vec4 1, 0, 1;
    %assign/vec4 v0x61b5757d9120_0, 0;
    %jmp T_0.5;
T_0.4 ;
    %load/vec4 v0x61b5757d99d0_0;
    %flag_set/vec4 8;
    %jmp/0xz  T_0.6, 8;
    %load/vec4 v0x61b5757d9120_0;
    %parti/s 7, 0, 2;
    %concati/vec4 0, 0, 1;
    %assign/vec4 v0x61b5757d9120_0, 0;
T_0.6 ;
T_0.5 ;
T_0.3 ;
T_0.1 ;
    %jmp T_0;
    .thread T_0;
    .scope S_0x61b5757d75c0;
T_1 ;
    %wait E_0x61b575797c90;
    %load/vec4 v0x61b5757b8330_0;
    %flag_set/vec4 8;
    %jmp/0xz  T_1.0, 8;
    %pushi/vec4 8, 0, 4;
    %assign/vec4 v0x61b5757b6140_0, 0;
    %jmp T_1.1;
T_1.0 ;
    %load/vec4 v0x61b5757b6830_0;
    %flag_set/vec4 9;
    %flag_get/vec4 9;
    %jmp/0 T_1.4, 9;
    %load/vec4 v0x61b5757b6140_0;
    %pad/u 32;
    %pushi/vec4 0, 0, 32;
    %cmp/ne;
    %flag_get/vec4 4;
    %and;
T_1.4;
    %flag_set/vec4 8;
    %jmp/0xz  T_1.2, 8;
    %load/vec4 v0x61b5757b6140_0;
    %subi 1, 0, 4;
    %assign/vec4 v0x61b5757b6140_0, 0;
T_1.2 ;
T_1.1 ;
    %jmp T_1;
    .thread T_1;
    .scope S_0x61b5757d78a0;
T_2 ;
    %wait E_0x61b575797f20;
    %load/vec4 v0x61b5757d82a0_0;
    %flag_set/vec4 8;
    %jmp/0xz  T_2.0, 8;
    %pushi/vec4 0, 0, 3;
    %assign/vec4 v0x61b5757d84c0_0, 0;
    %jmp T_2.1;
T_2.0 ;
    %load/vec4 v0x61b5757d84c0_0;
    %dup/vec4;
    %pushi/vec4 0, 0, 3;
    %cmp/u;
    %jmp/1 T_2.2, 6;
    %dup/vec4;
    %pushi/vec4 1, 0, 3;
    %cmp/u;
    %jmp/1 T_2.3, 6;
    %dup/vec4;
    %pushi/vec4 2, 0, 3;
    %cmp/u;
    %jmp/1 T_2.4, 6;
    %dup/vec4;
    %pushi/vec4 3, 0, 3;
    %cmp/u;
    %jmp/1 T_2.5, 6;
    %dup/vec4;
    %pushi/vec4 4, 0, 3;
    %cmp/u;
    %jmp/1 T_2.6, 6;
    %dup/vec4;
    %pushi/vec4 5, 0, 3;
    %cmp/u;
    %jmp/1 T_2.7, 6;
    %pushi/vec4 0, 0, 3;
    %assign/vec4 v0x61b5757d84c0_0, 0;
    %jmp T_2.9;
T_2.2 ;
    %load/vec4 v0x61b5757d8400_0;
    %flag_set/vec4 8;
    %jmp/0xz  T_2.10, 8;
    %pushi/vec4 1, 0, 3;
    %assign/vec4 v0x61b5757d84c0_0, 0;
    %jmp T_2.11;
T_2.10 ;
    %pushi/vec4 0, 0, 3;
    %assign/vec4 v0x61b5757d84c0_0, 0;
T_2.11 ;
    %jmp T_2.9;
T_2.3 ;
    %load/vec4 v0x61b5757b8620_0;
    %flag_set/vec4 8;
    %jmp/0xz  T_2.12, 8;
    %pushi/vec4 5, 0, 3;
    %assign/vec4 v0x61b5757d84c0_0, 0;
    %jmp T_2.13;
T_2.12 ;
    %pushi/vec4 2, 0, 3;
    %assign/vec4 v0x61b5757d84c0_0, 0;
T_2.13 ;
    %jmp T_2.9;
T_2.4 ;
    %pushi/vec4 3, 0, 3;
    %assign/vec4 v0x61b5757d84c0_0, 0;
    %jmp T_2.9;
T_2.5 ;
    %pushi/vec4 4, 0, 3;
    %assign/vec4 v0x61b5757d84c0_0, 0;
    %jmp T_2.9;
T_2.6 ;
    %pushi/vec4 1, 0, 3;
    %assign/vec4 v0x61b5757d84c0_0, 0;
    %jmp T_2.9;
T_2.7 ;
    %load/vec4 v0x61b5757d8400_0;
    %nor/r;
    %flag_set/vec4 8;
    %jmp/0xz  T_2.14, 8;
    %pushi/vec4 0, 0, 3;
    %assign/vec4 v0x61b5757d84c0_0, 0;
    %jmp T_2.15;
T_2.14 ;
    %pushi/vec4 5, 0, 3;
    %assign/vec4 v0x61b5757d84c0_0, 0;
T_2.15 ;
    %jmp T_2.9;
T_2.9 ;
    %pop/vec4 1;
T_2.1 ;
    %jmp T_2;
    .thread T_2;
    .scope S_0x61b5757d78a0;
T_3 ;
    %wait E_0x61b575797a40;
    %pushi/vec4 0, 0, 1;
    %store/vec4 v0x61b5757d8200_0, 0, 1;
    %pushi/vec4 0, 0, 1;
    %store/vec4 v0x61b5757d8340_0, 0, 1;
    %pushi/vec4 0, 0, 1;
    %store/vec4 v0x61b5757d8160_0, 0, 1;
    %pushi/vec4 0, 0, 1;
    %store/vec4 v0x61b5757d80c0_0, 0, 1;
    %pushi/vec4 0, 0, 1;
    %store/vec4 v0x61b5757d7f30_0, 0, 1;
    %pushi/vec4 0, 0, 1;
    %store/vec4 v0x61b5757d7fd0_0, 0, 1;
    %load/vec4 v0x61b5757d84c0_0;
    %dup/vec4;
    %pushi/vec4 0, 0, 3;
    %cmp/u;
    %jmp/1 T_3.0, 6;
    %dup/vec4;
    %pushi/vec4 2, 0, 3;
    %cmp/u;
    %jmp/1 T_3.1, 6;
    %dup/vec4;
    %pushi/vec4 3, 0, 3;
    %cmp/u;
    %jmp/1 T_3.2, 6;
    %dup/vec4;
    %pushi/vec4 4, 0, 3;
    %cmp/u;
    %jmp/1 T_3.3, 6;
    %dup/vec4;
    %pushi/vec4 5, 0, 3;
    %cmp/u;
    %jmp/1 T_3.4, 6;
    %jmp T_3.5;
T_3.0 ;
    %pushi/vec4 1, 0, 1;
    %store/vec4 v0x61b5757d8200_0, 0, 1;
    %jmp T_3.5;
T_3.1 ;
    %pushi/vec4 1, 0, 1;
    %store/vec4 v0x61b5757d8340_0, 0, 1;
    %jmp T_3.5;
T_3.2 ;
    %load/vec4 v0x61b5757b8960_0;
    %flag_set/vec4 8;
    %jmp/0xz  T_3.6, 8;
    %pushi/vec4 1, 0, 1;
    %store/vec4 v0x61b5757d8160_0, 0, 1;
    %jmp T_3.7;
T_3.6 ;
    %pushi/vec4 1, 0, 1;
    %store/vec4 v0x61b5757d80c0_0, 0, 1;
T_3.7 ;
    %jmp T_3.5;
T_3.3 ;
    %pushi/vec4 1, 0, 1;
    %store/vec4 v0x61b5757d7f30_0, 0, 1;
    %jmp T_3.5;
T_3.4 ;
    %pushi/vec4 1, 0, 1;
    %store/vec4 v0x61b5757d7fd0_0, 0, 1;
    %jmp T_3.5;
T_3.5 ;
    %pop/vec4 1;
    %jmp T_3;
    .thread T_3, $push;
    .scope S_0x61b5757d78a0;
T_4 ;
    %wait E_0x61b575798340;
    %load/vec4 v0x61b5757d84c0_0;
    %dup/vec4;
    %pushi/vec4 0, 0, 3;
    %cmp/u;
    %jmp/1 T_4.0, 6;
    %dup/vec4;
    %pushi/vec4 1, 0, 3;
    %cmp/u;
    %jmp/1 T_4.1, 6;
    %dup/vec4;
    %pushi/vec4 2, 0, 3;
    %cmp/u;
    %jmp/1 T_4.2, 6;
    %dup/vec4;
    %pushi/vec4 3, 0, 3;
    %cmp/u;
    %jmp/1 T_4.3, 6;
    %dup/vec4;
    %pushi/vec4 4, 0, 3;
    %cmp/u;
    %jmp/1 T_4.4, 6;
    %dup/vec4;
    %pushi/vec4 5, 0, 3;
    %cmp/u;
    %jmp/1 T_4.5, 6;
    %pushi/vec4 0, 0, 32; draw_string_vec4
    %pushi/vec4 0, 0, 32; draw_string_vec4
    %concat/vec4; draw_string_vec4
    %pushi/vec4 0, 0, 32; draw_string_vec4
    %concat/vec4; draw_string_vec4
    %pushi/vec4 0, 0, 32; draw_string_vec4
    %concat/vec4; draw_string_vec4
    %pushi/vec4 0, 0, 32; draw_string_vec4
    %concat/vec4; draw_string_vec4
    %pushi/vec4 0, 0, 32; draw_string_vec4
    %concat/vec4; draw_string_vec4
    %pushi/vec4 0, 0, 32; draw_string_vec4
    %concat/vec4; draw_string_vec4
    %pushi/vec4 0, 0, 32; draw_string_vec4
    %concat/vec4; draw_string_vec4
    %pushi/vec4 5590603, 0, 32; draw_string_vec4
    %concat/vec4; draw_string_vec4
    %pushi/vec4 1313822542, 0, 32; draw_string_vec4
    %concat/vec4; draw_string_vec4
    %store/vec4 v0x61b5757d85a0_0, 0, 320;
    %jmp T_4.7;
T_4.0 ;
    %pushi/vec4 0, 0, 32; draw_string_vec4
    %pushi/vec4 0, 0, 32; draw_string_vec4
    %concat/vec4; draw_string_vec4
    %pushi/vec4 0, 0, 32; draw_string_vec4
    %concat/vec4; draw_string_vec4
    %pushi/vec4 0, 0, 32; draw_string_vec4
    %concat/vec4; draw_string_vec4
    %pushi/vec4 0, 0, 32; draw_string_vec4
    %concat/vec4; draw_string_vec4
    %pushi/vec4 0, 0, 32; draw_string_vec4
    %concat/vec4; draw_string_vec4
    %pushi/vec4 0, 0, 32; draw_string_vec4
    %concat/vec4; draw_string_vec4
    %pushi/vec4 0, 0, 32; draw_string_vec4
    %concat/vec4; draw_string_vec4
    %pushi/vec4 0, 0, 32; draw_string_vec4
    %concat/vec4; draw_string_vec4
    %pushi/vec4 1229867348, 0, 32; draw_string_vec4
    %concat/vec4; draw_string_vec4
    %store/vec4 v0x61b5757d85a0_0, 0, 320;
    %jmp T_4.7;
T_4.1 ;
    %pushi/vec4 0, 0, 32; draw_string_vec4
    %pushi/vec4 0, 0, 32; draw_string_vec4
    %concat/vec4; draw_string_vec4
    %pushi/vec4 0, 0, 32; draw_string_vec4
    %concat/vec4; draw_string_vec4
    %pushi/vec4 0, 0, 32; draw_string_vec4
    %concat/vec4; draw_string_vec4
    %pushi/vec4 0, 0, 32; draw_string_vec4
    %concat/vec4; draw_string_vec4
    %pushi/vec4 0, 0, 32; draw_string_vec4
    %concat/vec4; draw_string_vec4
    %pushi/vec4 0, 0, 32; draw_string_vec4
    %concat/vec4; draw_string_vec4
    %pushi/vec4 0, 0, 32; draw_string_vec4
    %concat/vec4; draw_string_vec4
    %pushi/vec4 4409413, 0, 32; draw_string_vec4
    %concat/vec4; draw_string_vec4
    %pushi/vec4 1129013065, 0, 32; draw_string_vec4
    %concat/vec4; draw_string_vec4
    %store/vec4 v0x61b5757d85a0_0, 0, 320;
    %jmp T_4.7;
T_4.2 ;
    %pushi/vec4 0, 0, 32; draw_string_vec4
    %pushi/vec4 0, 0, 32; draw_string_vec4
    %concat/vec4; draw_string_vec4
    %pushi/vec4 0, 0, 32; draw_string_vec4
    %concat/vec4; draw_string_vec4
    %pushi/vec4 0, 0, 32; draw_string_vec4
    %concat/vec4; draw_string_vec4
    %pushi/vec4 0, 0, 32; draw_string_vec4
    %concat/vec4; draw_string_vec4
    %pushi/vec4 0, 0, 32; draw_string_vec4
    %concat/vec4; draw_string_vec4
    %pushi/vec4 0, 0, 32; draw_string_vec4
    %concat/vec4; draw_string_vec4
    %pushi/vec4 0, 0, 32; draw_string_vec4
    %concat/vec4; draw_string_vec4
    %pushi/vec4 17217, 0, 32; draw_string_vec4
    %concat/vec4; draw_string_vec4
    %pushi/vec4 1279483734, 0, 32; draw_string_vec4
    %concat/vec4; draw_string_vec4
    %store/vec4 v0x61b5757d85a0_0, 0, 320;
    %jmp T_4.7;
T_4.3 ;
    %pushi/vec4 0, 0, 32; draw_string_vec4
    %pushi/vec4 0, 0, 32; draw_string_vec4
    %concat/vec4; draw_string_vec4
    %pushi/vec4 0, 0, 32; draw_string_vec4
    %concat/vec4; draw_string_vec4
    %pushi/vec4 0, 0, 32; draw_string_vec4
    %concat/vec4; draw_string_vec4
    %pushi/vec4 0, 0, 32; draw_string_vec4
    %concat/vec4; draw_string_vec4
    %pushi/vec4 0, 0, 32; draw_string_vec4
    %concat/vec4; draw_string_vec4
    %pushi/vec4 0, 0, 32; draw_string_vec4
    %concat/vec4; draw_string_vec4
    %pushi/vec4 66, 0, 32; draw_string_vec4
    %concat/vec4; draw_string_vec4
    %pushi/vec4 1380011587, 0, 32; draw_string_vec4
    %concat/vec4; draw_string_vec4
    %pushi/vec4 1214206550, 0, 32; draw_string_vec4
    %concat/vec4; draw_string_vec4
    %store/vec4 v0x61b5757d85a0_0, 0, 320;
    %jmp T_4.7;
T_4.4 ;
    %pushi/vec4 0, 0, 32; draw_string_vec4
    %pushi/vec4 0, 0, 32; draw_string_vec4
    %concat/vec4; draw_string_vec4
    %pushi/vec4 0, 0, 32; draw_string_vec4
    %concat/vec4; draw_string_vec4
    %pushi/vec4 0, 0, 32; draw_string_vec4
    %concat/vec4; draw_string_vec4
    %pushi/vec4 0, 0, 32; draw_string_vec4
    %concat/vec4; draw_string_vec4
    %pushi/vec4 0, 0, 32; draw_string_vec4
    %concat/vec4; draw_string_vec4
    %pushi/vec4 0, 0, 32; draw_string_vec4
    %concat/vec4; draw_string_vec4
    %pushi/vec4 0, 0, 32; draw_string_vec4
    %concat/vec4; draw_string_vec4
    %pushi/vec4 68, 0, 32; draw_string_vec4
    %concat/vec4; draw_string_vec4
    %pushi/vec4 1162043209, 0, 32; draw_string_vec4
    %concat/vec4; draw_string_vec4
    %store/vec4 v0x61b5757d85a0_0, 0, 320;
    %jmp T_4.7;
T_4.5 ;
    %pushi/vec4 0, 0, 32; draw_string_vec4
    %pushi/vec4 0, 0, 32; draw_string_vec4
    %concat/vec4; draw_string_vec4
    %pushi/vec4 0, 0, 32; draw_string_vec4
    %concat/vec4; draw_string_vec4
    %pushi/vec4 0, 0, 32; draw_string_vec4
    %concat/vec4; draw_string_vec4
    %pushi/vec4 0, 0, 32; draw_string_vec4
    %concat/vec4; draw_string_vec4
    %pushi/vec4 0, 0, 32; draw_string_vec4
    %concat/vec4; draw_string_vec4
    %pushi/vec4 0, 0, 32; draw_string_vec4
    %concat/vec4; draw_string_vec4
    %pushi/vec4 17487, 0, 32; draw_string_vec4
    %concat/vec4; draw_string_vec4
    %pushi/vec4 1313169235, 0, 32; draw_string_vec4
    %concat/vec4; draw_string_vec4
    %pushi/vec4 1413567557, 0, 32; draw_string_vec4
    %concat/vec4; draw_string_vec4
    %store/vec4 v0x61b5757d85a0_0, 0, 320;
    %jmp T_4.7;
T_4.7 ;
    %pop/vec4 1;
    %jmp T_4;
    .thread T_4, $push;
    .scope S_0x61b575797390;
T_5 ;
    %pushi/vec4 0, 0, 1;
    %store/vec4 v0x61b5757dafb0_0, 0, 1;
T_5.0 ;
    %delay 5000, 0;
    %load/vec4 v0x61b5757dafb0_0;
    %inv;
    %store/vec4 v0x61b5757dafb0_0, 0, 1;
    %jmp T_5.0;
    %end;
    .thread T_5;
    .scope S_0x61b575797390;
T_6 ;
    %pushi/vec4 1, 0, 1;
    %store/vec4 v0x61b5757db0f0_0, 0, 1;
    %pushi/vec4 0, 0, 1;
    %store/vec4 v0x61b5757db230_0, 0, 1;
    %pushi/vec4 0, 0, 16;
    %store/vec4 v0x61b5757dad70_0, 0, 16;
    %delay 20000, 0;
    %pushi/vec4 0, 0, 1;
    %store/vec4 v0x61b5757db0f0_0, 0, 1;
    %wait E_0x61b575797c90;
    %pushi/vec4 144, 0, 16;
    %store/vec4 v0x61b5757dad70_0, 0, 16;
    %wait E_0x61b575797c90;
    %pushi/vec4 1, 0, 1;
    %store/vec4 v0x61b5757db230_0, 0, 1;
    %wait E_0x61b575797c90;
    %pushi/vec4 0, 0, 1;
    %store/vec4 v0x61b5757db230_0, 0, 1;
T_6.0 ;
    %load/vec4 v0x61b5757db050_0;
    %cmpi/ne 1, 0, 1;
    %jmp/0xz T_6.1, 6;
    %wait E_0x61b575798300;
    %jmp T_6.0;
T_6.1 ;
    %delay 20000, 0;
    %vpi_call 2 69 "$display", "----------------------------------" {0 0 0};
    %vpi_call 2 70 "$display", "CASO 1" {0 0 0};
    %vpi_call 2 71 "$display", "Radicando (A) = %d", v0x61b5757dad70_0 {0 0 0};
    %vpi_call 2 72 "$display", "Raiz (Q)      = %d", v0x61b5757daea0_0 {0 0 0};
    %vpi_call 2 73 "$display", "----------------------------------" {0 0 0};
    %pushi/vec4 1, 0, 1;
    %store/vec4 v0x61b5757db0f0_0, 0, 1;
    %delay 20000, 0;
    %pushi/vec4 0, 0, 1;
    %store/vec4 v0x61b5757db0f0_0, 0, 1;
    %wait E_0x61b575797c90;
    %pushi/vec4 25, 0, 16;
    %store/vec4 v0x61b5757dad70_0, 0, 16;
    %wait E_0x61b575797c90;
    %pushi/vec4 1, 0, 1;
    %store/vec4 v0x61b5757db230_0, 0, 1;
    %wait E_0x61b575797c90;
    %pushi/vec4 0, 0, 1;
    %store/vec4 v0x61b5757db230_0, 0, 1;
T_6.2 ;
    %load/vec4 v0x61b5757db050_0;
    %cmpi/ne 1, 0, 1;
    %jmp/0xz T_6.3, 6;
    %wait E_0x61b575798300;
    %jmp T_6.2;
T_6.3 ;
    %delay 20000, 0;
    %vpi_call 2 97 "$display", "----------------------------------" {0 0 0};
    %vpi_call 2 98 "$display", "CASO 2" {0 0 0};
    %vpi_call 2 99 "$display", "Radicando (A) = %d", v0x61b5757dad70_0 {0 0 0};
    %vpi_call 2 100 "$display", "Raiz (Q)      = %d", v0x61b5757daea0_0 {0 0 0};
    %vpi_call 2 101 "$display", "----------------------------------" {0 0 0};
    %pushi/vec4 1, 0, 1;
    %store/vec4 v0x61b5757db0f0_0, 0, 1;
    %delay 20000, 0;
    %pushi/vec4 0, 0, 1;
    %store/vec4 v0x61b5757db0f0_0, 0, 1;
    %wait E_0x61b575797c90;
    %pushi/vec4 10, 0, 16;
    %store/vec4 v0x61b5757dad70_0, 0, 16;
    %wait E_0x61b575797c90;
    %pushi/vec4 1, 0, 1;
    %store/vec4 v0x61b5757db230_0, 0, 1;
    %wait E_0x61b575797c90;
    %pushi/vec4 0, 0, 1;
    %store/vec4 v0x61b5757db230_0, 0, 1;
T_6.4 ;
    %load/vec4 v0x61b5757db050_0;
    %cmpi/ne 1, 0, 1;
    %jmp/0xz T_6.5, 6;
    %wait E_0x61b575798300;
    %jmp T_6.4;
T_6.5 ;
    %delay 20000, 0;
    %vpi_call 2 125 "$display", "----------------------------------" {0 0 0};
    %vpi_call 2 126 "$display", "CASO 3" {0 0 0};
    %vpi_call 2 127 "$display", "Radicando (A) = %d", v0x61b5757dad70_0 {0 0 0};
    %vpi_call 2 128 "$display", "Raiz (Q)      = %d", v0x61b5757daea0_0 {0 0 0};
    %vpi_call 2 129 "$display", "----------------------------------" {0 0 0};
    %delay 100000, 0;
    %vpi_call 2 137 "$finish" {0 0 0};
    %end;
    .thread T_6;
    .scope S_0x61b575797390;
T_7 ;
    %vpi_call 2 142 "$dumpfile", "sqrt_TB.vcd" {0 0 0};
    %vpi_call 2 143 "$dumpvars", 32'sb00000000000000000000000000000000, S_0x61b575797390 {0 0 0};
    %end;
    .thread T_7;
# The file index is used to find the file name in the following table.
:file_names 9;
    "N/A";
    "<interactive>";
    "sqrt_TB.v";
    "sqrt.v";
    "check.v";
    "cont.v";
    "ctrl.v";
    "op_artm.v";
    "raiz_reg.v";
