#! /usr/bin/vvp
:ivl_version "12.0 (stable)";
:ivl_delay_selection "TYPICAL";
:vpi_time_precision - 12;
:vpi_module "/usr/lib/x86_64-linux-gnu/ivl/system.vpi";
:vpi_module "/usr/lib/x86_64-linux-gnu/ivl/vhdl_sys.vpi";
:vpi_module "/usr/lib/x86_64-linux-gnu/ivl/vhdl_textio.vpi";
:vpi_module "/usr/lib/x86_64-linux-gnu/ivl/v2005_math.vpi";
:vpi_module "/usr/lib/x86_64-linux-gnu/ivl/va_math.vpi";
S_0x60274c6af640 .scope module, "bintobcd_tb" "bintobcd_tb" 2 3;
 .timescale -9 -12;
v0x60274c6fa1c0_0 .net "bcd_out", 19 0, L_0x60274c6fb030;  1 drivers
v0x60274c6fa2a0_0 .var "bin_in", 15 0;
v0x60274c6fa390_0 .var "clk", 0 0;
v0x60274c6fa4c0_0 .net "digit0", 3 0, L_0x60274c6faf90;  1 drivers
v0x60274c6fa580_0 .net "digit1", 3 0, L_0x60274c6faec0;  1 drivers
v0x60274c6fa660_0 .net "digit2", 3 0, L_0x60274c6fad90;  1 drivers
v0x60274c6fa740_0 .net "digit3", 3 0, L_0x60274c6facf0;  1 drivers
v0x60274c6fa820_0 .net "digit4", 3 0, L_0x60274c6fac00;  1 drivers
v0x60274c6fa900_0 .net "done", 0 0, v0x60274c6f85d0_0;  1 drivers
v0x60274c6faa30_0 .var "rst", 0 0;
v0x60274c6fab60_0 .var "start", 0 0;
E_0x60274c6d0020 .event posedge, v0x60274c6f85d0_0;
L_0x60274c6fac00 .part L_0x60274c6fb030, 16, 4;
L_0x60274c6facf0 .part L_0x60274c6fb030, 12, 4;
L_0x60274c6fad90 .part L_0x60274c6fb030, 8, 4;
L_0x60274c6faec0 .part L_0x60274c6fb030, 4, 4;
L_0x60274c6faf90 .part L_0x60274c6fb030, 0, 4;
S_0x60274c6af7d0 .scope module, "uut" "bintobcd" 2 19, 3 1 0, S_0x60274c6af640;
 .timescale -9 -12;
    .port_info 0 /INPUT 1 "clk";
    .port_info 1 /INPUT 1 "rst";
    .port_info 2 /INPUT 1 "start";
    .port_info 3 /INPUT 16 "bin_in";
    .port_info 4 /OUTPUT 1 "done";
    .port_info 5 /OUTPUT 20 "bcd_out";
v0x60274c6f9670_0 .net "R_wire", 35 0, v0x60274c6f8ea0_0;  1 drivers
v0x60274c6f9750_0 .net "bcd_corr_wire", 19 0, v0x60274c6f7b10_0;  1 drivers
v0x60274c6f97f0_0 .net "bcd_out", 19 0, L_0x60274c6fb030;  alias, 1 drivers
v0x60274c6f98b0_0 .net "bin_in", 15 0, v0x60274c6fa2a0_0;  1 drivers
v0x60274c6f9970_0 .net "clk", 0 0, v0x60274c6fa390_0;  1 drivers
v0x60274c6f9a60_0 .net "correct_wire", 0 0, v0x60274c6f8490_0;  1 drivers
v0x60274c6f9b50_0 .net "count_wire", 4 0, v0x60274c6f7440_0;  1 drivers
v0x60274c6f9c40_0 .net "dec_wire", 0 0, v0x60274c6f8530_0;  1 drivers
v0x60274c6f9d30_0 .net "done", 0 0, v0x60274c6f85d0_0;  alias, 1 drivers
v0x60274c6f9dd0_0 .net "load_wire", 0 0, v0x60274c6f8670_0;  1 drivers
v0x60274c6f9e70_0 .net "rst", 0 0, v0x60274c6faa30_0;  1 drivers
v0x60274c6f9f10_0 .net "shift_wire", 0 0, v0x60274c6f8800_0;  1 drivers
v0x60274c6f9fb0_0 .net "start", 0 0, v0x60274c6fab60_0;  1 drivers
v0x60274c6fa050_0 .net "z_wire", 0 0, L_0x60274c70b310;  1 drivers
L_0x60274c6fb030 .part v0x60274c6f8ea0_0, 16, 20;
L_0x60274c70b4a0 .part v0x60274c6f8ea0_0, 16, 20;
S_0x60274c6b8050 .scope module, "U_COMP" "comp_zero" 3 38, 4 1 0, S_0x60274c6af7d0;
 .timescale -9 -12;
    .port_info 0 /INPUT 5 "count";
    .port_info 1 /OUTPUT 1 "z";
v0x60274c6af1a0_0 .net *"_ivl_0", 31 0, L_0x60274c6fb0d0;  1 drivers
L_0x75ceab9510f0 .functor BUFT 1, C4<0>, C4<0>, C4<0>, C4<0>;
v0x60274c6f6af0_0 .net/2u *"_ivl_10", 0 0, L_0x75ceab9510f0;  1 drivers
L_0x75ceab951018 .functor BUFT 1, C4<000000000000000000000000000>, C4<0>, C4<0>, C4<0>;
v0x60274c6f6bd0_0 .net *"_ivl_3", 26 0, L_0x75ceab951018;  1 drivers
L_0x75ceab951060 .functor BUFT 1, C4<00000000000000000000000000000000>, C4<0>, C4<0>, C4<0>;
v0x60274c6f6c90_0 .net/2u *"_ivl_4", 31 0, L_0x75ceab951060;  1 drivers
v0x60274c6f6d70_0 .net *"_ivl_6", 0 0, L_0x60274c70b1d0;  1 drivers
L_0x75ceab9510a8 .functor BUFT 1, C4<1>, C4<0>, C4<0>, C4<0>;
v0x60274c6f6e80_0 .net/2u *"_ivl_8", 0 0, L_0x75ceab9510a8;  1 drivers
v0x60274c6f6f60_0 .net "count", 4 0, v0x60274c6f7440_0;  alias, 1 drivers
v0x60274c6f7040_0 .net "z", 0 0, L_0x60274c70b310;  alias, 1 drivers
L_0x60274c6fb0d0 .concat [ 5 27 0 0], v0x60274c6f7440_0, L_0x75ceab951018;
L_0x60274c70b1d0 .cmp/eq 32, L_0x60274c6fb0d0, L_0x75ceab951060;
L_0x60274c70b310 .functor MUXZ 1, L_0x75ceab9510f0, L_0x75ceab9510a8, L_0x60274c70b1d0, C4<>;
S_0x60274c6f7160 .scope module, "U_CONT" "contador" 3 30, 5 1 0, S_0x60274c6af7d0;
 .timescale -9 -12;
    .port_info 0 /INPUT 1 "clk";
    .port_info 1 /INPUT 1 "rst";
    .port_info 2 /INPUT 1 "load";
    .port_info 3 /INPUT 1 "dec";
    .port_info 4 /OUTPUT 5 "count";
v0x60274c6f7360_0 .net "clk", 0 0, v0x60274c6fa390_0;  alias, 1 drivers
v0x60274c6f7440_0 .var "count", 4 0;
v0x60274c6f7500_0 .net "dec", 0 0, v0x60274c6f8530_0;  alias, 1 drivers
v0x60274c6f75a0_0 .net "load", 0 0, v0x60274c6f8670_0;  alias, 1 drivers
v0x60274c6f7640_0 .net "rst", 0 0, v0x60274c6faa30_0;  alias, 1 drivers
E_0x60274c6d1260 .event posedge, v0x60274c6f7360_0;
S_0x60274c6f77f0 .scope module, "U_CORR" "corrector_bcd" 3 43, 6 1 0, S_0x60274c6af7d0;
 .timescale -9 -12;
    .port_info 0 /INPUT 20 "bcd_in";
    .port_info 1 /OUTPUT 20 "bcd_out";
v0x60274c6f7a10_0 .net "bcd_in", 19 0, L_0x60274c70b4a0;  1 drivers
v0x60274c6f7b10_0 .var "bcd_out", 19 0;
E_0x60274c6d02d0 .event anyedge, v0x60274c6f7a10_0;
S_0x60274c6f7c50 .scope module, "U_CTRL" "ctrl" 3 18, 7 1 0, S_0x60274c6af7d0;
 .timescale -9 -12;
    .port_info 0 /INPUT 1 "clk";
    .port_info 1 /INPUT 1 "rst";
    .port_info 2 /INPUT 1 "start";
    .port_info 3 /INPUT 1 "z";
    .port_info 4 /OUTPUT 1 "done";
    .port_info 5 /OUTPUT 1 "shift";
    .port_info 6 /OUTPUT 1 "load";
    .port_info 7 /OUTPUT 1 "dec";
    .port_info 8 /OUTPUT 1 "correct";
P_0x60274c6f7e30 .param/l "CHECK" 0 7 16, C4<011>;
P_0x60274c6f7e70 .param/l "CORRECT" 0 7 17, C4<100>;
P_0x60274c6f7eb0 .param/l "END" 0 7 18, C4<101>;
P_0x60274c6f7ef0 .param/l "LOAD" 0 7 14, C4<001>;
P_0x60274c6f7f30 .param/l "SHIFT" 0 7 15, C4<010>;
P_0x60274c6f7f70 .param/l "START" 0 7 13, C4<000>;
v0x60274c6f83d0_0 .net "clk", 0 0, v0x60274c6fa390_0;  alias, 1 drivers
v0x60274c6f8490_0 .var "correct", 0 0;
v0x60274c6f8530_0 .var "dec", 0 0;
v0x60274c6f85d0_0 .var "done", 0 0;
v0x60274c6f8670_0 .var "load", 0 0;
v0x60274c6f8760_0 .net "rst", 0 0, v0x60274c6faa30_0;  alias, 1 drivers
v0x60274c6f8800_0 .var "shift", 0 0;
v0x60274c6f88a0_0 .net "start", 0 0, v0x60274c6fab60_0;  alias, 1 drivers
v0x60274c6f8940_0 .var "state", 2 0;
v0x60274c6f8a00_0 .net "z", 0 0, L_0x60274c70b310;  alias, 1 drivers
E_0x60274c6d0ad0 .event negedge, v0x60274c6f7360_0;
E_0x60274c6cf9b0 .event anyedge, v0x60274c6f8940_0;
S_0x60274c6f8ba0 .scope module, "U_REG" "reg_R" 3 48, 8 1 0, S_0x60274c6af7d0;
 .timescale -9 -12;
    .port_info 0 /INPUT 1 "clk";
    .port_info 1 /INPUT 1 "rst";
    .port_info 2 /INPUT 16 "bin_in";
    .port_info 3 /INPUT 20 "bcd_corr";
    .port_info 4 /INPUT 1 "load";
    .port_info 5 /INPUT 1 "shift";
    .port_info 6 /INPUT 1 "correct";
    .port_info 7 /OUTPUT 36 "R";
v0x60274c6f8ea0_0 .var "R", 35 0;
v0x60274c6f8fa0_0 .net "bcd_corr", 19 0, v0x60274c6f7b10_0;  alias, 1 drivers
v0x60274c6f9060_0 .net "bin_in", 15 0, v0x60274c6fa2a0_0;  alias, 1 drivers
v0x60274c6f9100_0 .net "clk", 0 0, v0x60274c6fa390_0;  alias, 1 drivers
v0x60274c6f91f0_0 .net "correct", 0 0, v0x60274c6f8490_0;  alias, 1 drivers
v0x60274c6f92e0_0 .net "load", 0 0, v0x60274c6f8670_0;  alias, 1 drivers
v0x60274c6f93d0_0 .net "rst", 0 0, v0x60274c6faa30_0;  alias, 1 drivers
v0x60274c6f94c0_0 .net "shift", 0 0, v0x60274c6f8800_0;  alias, 1 drivers
    .scope S_0x60274c6f7c50;
T_0 ;
    %wait E_0x60274c6cf9b0;
    %load/vec4 v0x60274c6f8940_0;
    %dup/vec4;
    %pushi/vec4 0, 0, 3;
    %cmp/u;
    %jmp/1 T_0.0, 6;
    %dup/vec4;
    %pushi/vec4 1, 0, 3;
    %cmp/u;
    %jmp/1 T_0.1, 6;
    %dup/vec4;
    %pushi/vec4 2, 0, 3;
    %cmp/u;
    %jmp/1 T_0.2, 6;
    %dup/vec4;
    %pushi/vec4 3, 0, 3;
    %cmp/u;
    %jmp/1 T_0.3, 6;
    %dup/vec4;
    %pushi/vec4 4, 0, 3;
    %cmp/u;
    %jmp/1 T_0.4, 6;
    %dup/vec4;
    %pushi/vec4 5, 0, 3;
    %cmp/u;
    %jmp/1 T_0.5, 6;
    %pushi/vec4 0, 0, 1;
    %assign/vec4 v0x60274c6f85d0_0, 0;
    %pushi/vec4 0, 0, 1;
    %assign/vec4 v0x60274c6f8800_0, 0;
    %pushi/vec4 0, 0, 1;
    %assign/vec4 v0x60274c6f8670_0, 0;
    %pushi/vec4 0, 0, 1;
    %assign/vec4 v0x60274c6f8530_0, 0;
    %pushi/vec4 0, 0, 1;
    %assign/vec4 v0x60274c6f8490_0, 0;
    %jmp T_0.7;
T_0.0 ;
    %pushi/vec4 0, 0, 1;
    %assign/vec4 v0x60274c6f85d0_0, 0;
    %pushi/vec4 0, 0, 1;
    %assign/vec4 v0x60274c6f8800_0, 0;
    %pushi/vec4 0, 0, 1;
    %assign/vec4 v0x60274c6f8670_0, 0;
    %pushi/vec4 0, 0, 1;
    %assign/vec4 v0x60274c6f8530_0, 0;
    %pushi/vec4 0, 0, 1;
    %assign/vec4 v0x60274c6f8490_0, 0;
    %jmp T_0.7;
T_0.1 ;
    %pushi/vec4 0, 0, 1;
    %assign/vec4 v0x60274c6f85d0_0, 0;
    %pushi/vec4 0, 0, 1;
    %assign/vec4 v0x60274c6f8800_0, 0;
    %pushi/vec4 1, 0, 1;
    %assign/vec4 v0x60274c6f8670_0, 0;
    %pushi/vec4 0, 0, 1;
    %assign/vec4 v0x60274c6f8530_0, 0;
    %pushi/vec4 0, 0, 1;
    %assign/vec4 v0x60274c6f8490_0, 0;
    %jmp T_0.7;
T_0.2 ;
    %pushi/vec4 0, 0, 1;
    %assign/vec4 v0x60274c6f85d0_0, 0;
    %pushi/vec4 1, 0, 1;
    %assign/vec4 v0x60274c6f8800_0, 0;
    %pushi/vec4 0, 0, 1;
    %assign/vec4 v0x60274c6f8670_0, 0;
    %pushi/vec4 1, 0, 1;
    %assign/vec4 v0x60274c6f8530_0, 0;
    %pushi/vec4 0, 0, 1;
    %assign/vec4 v0x60274c6f8490_0, 0;
    %jmp T_0.7;
T_0.3 ;
    %pushi/vec4 0, 0, 1;
    %assign/vec4 v0x60274c6f85d0_0, 0;
    %pushi/vec4 0, 0, 1;
    %assign/vec4 v0x60274c6f8800_0, 0;
    %pushi/vec4 0, 0, 1;
    %assign/vec4 v0x60274c6f8670_0, 0;
    %pushi/vec4 0, 0, 1;
    %assign/vec4 v0x60274c6f8530_0, 0;
    %pushi/vec4 0, 0, 1;
    %assign/vec4 v0x60274c6f8490_0, 0;
    %jmp T_0.7;
T_0.4 ;
    %pushi/vec4 0, 0, 1;
    %assign/vec4 v0x60274c6f85d0_0, 0;
    %pushi/vec4 0, 0, 1;
    %assign/vec4 v0x60274c6f8800_0, 0;
    %pushi/vec4 0, 0, 1;
    %assign/vec4 v0x60274c6f8670_0, 0;
    %pushi/vec4 0, 0, 1;
    %assign/vec4 v0x60274c6f8530_0, 0;
    %pushi/vec4 1, 0, 1;
    %assign/vec4 v0x60274c6f8490_0, 0;
    %jmp T_0.7;
T_0.5 ;
    %pushi/vec4 1, 0, 1;
    %assign/vec4 v0x60274c6f85d0_0, 0;
    %pushi/vec4 0, 0, 1;
    %assign/vec4 v0x60274c6f8800_0, 0;
    %pushi/vec4 0, 0, 1;
    %assign/vec4 v0x60274c6f8670_0, 0;
    %pushi/vec4 0, 0, 1;
    %assign/vec4 v0x60274c6f8530_0, 0;
    %pushi/vec4 0, 0, 1;
    %assign/vec4 v0x60274c6f8490_0, 0;
    %jmp T_0.7;
T_0.7 ;
    %pop/vec4 1;
    %jmp T_0;
    .thread T_0, $push;
    .scope S_0x60274c6f7c50;
T_1 ;
    %wait E_0x60274c6d0ad0;
    %load/vec4 v0x60274c6f8760_0;
    %flag_set/vec4 8;
    %jmp/0xz  T_1.0, 8;
    %pushi/vec4 0, 0, 3;
    %assign/vec4 v0x60274c6f8940_0, 0;
    %jmp T_1.1;
T_1.0 ;
    %load/vec4 v0x60274c6f8940_0;
    %dup/vec4;
    %pushi/vec4 0, 0, 3;
    %cmp/u;
    %jmp/1 T_1.2, 6;
    %dup/vec4;
    %pushi/vec4 1, 0, 3;
    %cmp/u;
    %jmp/1 T_1.3, 6;
    %dup/vec4;
    %pushi/vec4 2, 0, 3;
    %cmp/u;
    %jmp/1 T_1.4, 6;
    %dup/vec4;
    %pushi/vec4 3, 0, 3;
    %cmp/u;
    %jmp/1 T_1.5, 6;
    %dup/vec4;
    %pushi/vec4 4, 0, 3;
    %cmp/u;
    %jmp/1 T_1.6, 6;
    %dup/vec4;
    %pushi/vec4 5, 0, 3;
    %cmp/u;
    %jmp/1 T_1.7, 6;
    %pushi/vec4 0, 0, 3;
    %assign/vec4 v0x60274c6f8940_0, 0;
    %jmp T_1.9;
T_1.2 ;
    %load/vec4 v0x60274c6f88a0_0;
    %flag_set/vec4 8;
    %jmp/0xz  T_1.10, 8;
    %pushi/vec4 1, 0, 3;
    %assign/vec4 v0x60274c6f8940_0, 0;
    %jmp T_1.11;
T_1.10 ;
    %pushi/vec4 0, 0, 3;
    %assign/vec4 v0x60274c6f8940_0, 0;
T_1.11 ;
    %jmp T_1.9;
T_1.3 ;
    %pushi/vec4 2, 0, 3;
    %assign/vec4 v0x60274c6f8940_0, 0;
    %jmp T_1.9;
T_1.4 ;
    %pushi/vec4 3, 0, 3;
    %assign/vec4 v0x60274c6f8940_0, 0;
    %jmp T_1.9;
T_1.5 ;
    %load/vec4 v0x60274c6f8a00_0;
    %flag_set/vec4 8;
    %jmp/0xz  T_1.12, 8;
    %pushi/vec4 5, 0, 3;
    %assign/vec4 v0x60274c6f8940_0, 0;
    %jmp T_1.13;
T_1.12 ;
    %pushi/vec4 4, 0, 3;
    %assign/vec4 v0x60274c6f8940_0, 0;
T_1.13 ;
    %jmp T_1.9;
T_1.6 ;
    %pushi/vec4 2, 0, 3;
    %assign/vec4 v0x60274c6f8940_0, 0;
    %jmp T_1.9;
T_1.7 ;
    %load/vec4 v0x60274c6f88a0_0;
    %flag_set/vec4 8;
    %jmp/0xz  T_1.14, 8;
    %pushi/vec4 5, 0, 3;
    %assign/vec4 v0x60274c6f8940_0, 0;
    %jmp T_1.15;
T_1.14 ;
    %pushi/vec4 0, 0, 3;
    %assign/vec4 v0x60274c6f8940_0, 0;
T_1.15 ;
    %jmp T_1.9;
T_1.9 ;
    %pop/vec4 1;
T_1.1 ;
    %jmp T_1;
    .thread T_1;
    .scope S_0x60274c6f7160;
T_2 ;
    %wait E_0x60274c6d1260;
    %load/vec4 v0x60274c6f7640_0;
    %flag_set/vec4 8;
    %jmp/0xz  T_2.0, 8;
    %pushi/vec4 0, 0, 5;
    %assign/vec4 v0x60274c6f7440_0, 0;
    %jmp T_2.1;
T_2.0 ;
    %load/vec4 v0x60274c6f75a0_0;
    %flag_set/vec4 8;
    %jmp/0xz  T_2.2, 8;
    %pushi/vec4 16, 0, 5;
    %assign/vec4 v0x60274c6f7440_0, 0;
    %jmp T_2.3;
T_2.2 ;
    %load/vec4 v0x60274c6f7500_0;
    %flag_set/vec4 8;
    %jmp/0xz  T_2.4, 8;
    %load/vec4 v0x60274c6f7440_0;
    %subi 1, 0, 5;
    %assign/vec4 v0x60274c6f7440_0, 0;
T_2.4 ;
T_2.3 ;
T_2.1 ;
    %jmp T_2;
    .thread T_2;
    .scope S_0x60274c6f77f0;
T_3 ;
    %wait E_0x60274c6d02d0;
    %load/vec4 v0x60274c6f7a10_0;
    %parti/s 4, 0, 2;
    %cmpi/u 5, 0, 4;
    %flag_inv 5; GE is !LT
    %jmp/0xz  T_3.0, 5;
    %load/vec4 v0x60274c6f7a10_0;
    %parti/s 4, 0, 2;
    %addi 3, 0, 4;
    %ix/load 4, 0, 0;
    %flag_set/imm 4, 0;
    %store/vec4 v0x60274c6f7b10_0, 4, 4;
    %jmp T_3.1;
T_3.0 ;
    %load/vec4 v0x60274c6f7a10_0;
    %parti/s 4, 0, 2;
    %ix/load 4, 0, 0;
    %flag_set/imm 4, 0;
    %store/vec4 v0x60274c6f7b10_0, 4, 4;
T_3.1 ;
    %load/vec4 v0x60274c6f7a10_0;
    %parti/s 4, 4, 4;
    %cmpi/u 5, 0, 4;
    %flag_inv 5; GE is !LT
    %jmp/0xz  T_3.2, 5;
    %load/vec4 v0x60274c6f7a10_0;
    %parti/s 4, 4, 4;
    %addi 3, 0, 4;
    %ix/load 4, 4, 0;
    %flag_set/imm 4, 0;
    %store/vec4 v0x60274c6f7b10_0, 4, 4;
    %jmp T_3.3;
T_3.2 ;
    %load/vec4 v0x60274c6f7a10_0;
    %parti/s 4, 4, 4;
    %ix/load 4, 4, 0;
    %flag_set/imm 4, 0;
    %store/vec4 v0x60274c6f7b10_0, 4, 4;
T_3.3 ;
    %load/vec4 v0x60274c6f7a10_0;
    %parti/s 4, 8, 5;
    %cmpi/u 5, 0, 4;
    %flag_inv 5; GE is !LT
    %jmp/0xz  T_3.4, 5;
    %load/vec4 v0x60274c6f7a10_0;
    %parti/s 4, 8, 5;
    %addi 3, 0, 4;
    %ix/load 4, 8, 0;
    %flag_set/imm 4, 0;
    %store/vec4 v0x60274c6f7b10_0, 4, 4;
    %jmp T_3.5;
T_3.4 ;
    %load/vec4 v0x60274c6f7a10_0;
    %parti/s 4, 8, 5;
    %ix/load 4, 8, 0;
    %flag_set/imm 4, 0;
    %store/vec4 v0x60274c6f7b10_0, 4, 4;
T_3.5 ;
    %load/vec4 v0x60274c6f7a10_0;
    %parti/s 4, 12, 5;
    %cmpi/u 5, 0, 4;
    %flag_inv 5; GE is !LT
    %jmp/0xz  T_3.6, 5;
    %load/vec4 v0x60274c6f7a10_0;
    %parti/s 4, 12, 5;
    %addi 3, 0, 4;
    %ix/load 4, 12, 0;
    %flag_set/imm 4, 0;
    %store/vec4 v0x60274c6f7b10_0, 4, 4;
    %jmp T_3.7;
T_3.6 ;
    %load/vec4 v0x60274c6f7a10_0;
    %parti/s 4, 12, 5;
    %ix/load 4, 12, 0;
    %flag_set/imm 4, 0;
    %store/vec4 v0x60274c6f7b10_0, 4, 4;
T_3.7 ;
    %load/vec4 v0x60274c6f7a10_0;
    %parti/s 4, 16, 6;
    %cmpi/u 5, 0, 4;
    %flag_inv 5; GE is !LT
    %jmp/0xz  T_3.8, 5;
    %load/vec4 v0x60274c6f7a10_0;
    %parti/s 4, 16, 6;
    %addi 3, 0, 4;
    %ix/load 4, 16, 0;
    %flag_set/imm 4, 0;
    %store/vec4 v0x60274c6f7b10_0, 4, 4;
    %jmp T_3.9;
T_3.8 ;
    %load/vec4 v0x60274c6f7a10_0;
    %parti/s 4, 16, 6;
    %ix/load 4, 16, 0;
    %flag_set/imm 4, 0;
    %store/vec4 v0x60274c6f7b10_0, 4, 4;
T_3.9 ;
    %jmp T_3;
    .thread T_3, $push;
    .scope S_0x60274c6f8ba0;
T_4 ;
    %wait E_0x60274c6d1260;
    %load/vec4 v0x60274c6f93d0_0;
    %flag_set/vec4 8;
    %jmp/0xz  T_4.0, 8;
    %pushi/vec4 0, 0, 36;
    %assign/vec4 v0x60274c6f8ea0_0, 0;
    %jmp T_4.1;
T_4.0 ;
    %load/vec4 v0x60274c6f92e0_0;
    %flag_set/vec4 8;
    %jmp/0xz  T_4.2, 8;
    %pushi/vec4 0, 0, 20;
    %load/vec4 v0x60274c6f9060_0;
    %concat/vec4; draw_concat_vec4
    %assign/vec4 v0x60274c6f8ea0_0, 0;
    %jmp T_4.3;
T_4.2 ;
    %load/vec4 v0x60274c6f91f0_0;
    %flag_set/vec4 8;
    %jmp/0xz  T_4.4, 8;
    %load/vec4 v0x60274c6f8fa0_0;
    %load/vec4 v0x60274c6f8ea0_0;
    %parti/s 16, 0, 2;
    %concat/vec4; draw_concat_vec4
    %assign/vec4 v0x60274c6f8ea0_0, 0;
    %jmp T_4.5;
T_4.4 ;
    %load/vec4 v0x60274c6f94c0_0;
    %flag_set/vec4 8;
    %jmp/0xz  T_4.6, 8;
    %load/vec4 v0x60274c6f8ea0_0;
    %ix/load 4, 1, 0;
    %flag_set/imm 4, 0;
    %shiftl 4;
    %assign/vec4 v0x60274c6f8ea0_0, 0;
T_4.6 ;
T_4.5 ;
T_4.3 ;
T_4.1 ;
    %jmp T_4;
    .thread T_4;
    .scope S_0x60274c6af640;
T_5 ;
    %delay 5000, 0;
    %load/vec4 v0x60274c6fa390_0;
    %inv;
    %store/vec4 v0x60274c6fa390_0, 0, 1;
    %jmp T_5;
    .thread T_5;
    .scope S_0x60274c6af640;
T_6 ;
    %vpi_call 2 33 "$dumpfile", "bintobcd_tb.vcd" {0 0 0};
    %vpi_call 2 34 "$dumpvars", 32'sb00000000000000000000000000000000, S_0x60274c6af640 {0 0 0};
    %pushi/vec4 0, 0, 1;
    %store/vec4 v0x60274c6fa390_0, 0, 1;
    %pushi/vec4 1, 0, 1;
    %store/vec4 v0x60274c6faa30_0, 0, 1;
    %pushi/vec4 0, 0, 1;
    %store/vec4 v0x60274c6fab60_0, 0, 1;
    %pushi/vec4 0, 0, 16;
    %store/vec4 v0x60274c6fa2a0_0, 0, 16;
    %delay 20000, 0;
    %pushi/vec4 0, 0, 1;
    %store/vec4 v0x60274c6faa30_0, 0, 1;
    %delay 10000, 0;
    %vpi_call 2 45 "$display", "[TB] --- Iniciando Caso 1: bin_in = 45 ---" {0 0 0};
    %pushi/vec4 45, 0, 16;
    %store/vec4 v0x60274c6fa2a0_0, 0, 16;
    %pushi/vec4 1, 0, 1;
    %store/vec4 v0x60274c6fab60_0, 0, 1;
    %delay 10000, 0;
    %pushi/vec4 0, 0, 1;
    %store/vec4 v0x60274c6fab60_0, 0, 1;
    %wait E_0x60274c6d0020;
    %delay 1000, 0;
    %vpi_call 2 53 "$display", "[RESULTADO] Bin: %d -> BCD: %h%h%h%h%h (Esperado: 00045)", v0x60274c6fa2a0_0, v0x60274c6fa820_0, v0x60274c6fa740_0, v0x60274c6fa660_0, v0x60274c6fa580_0, v0x60274c6fa4c0_0 {0 0 0};
    %delay 20000, 0;
    %vpi_call 2 57 "$display", "[TB] --- Iniciando Caso 2: bin_in = 12345 ---" {0 0 0};
    %pushi/vec4 12345, 0, 16;
    %store/vec4 v0x60274c6fa2a0_0, 0, 16;
    %pushi/vec4 1, 0, 1;
    %store/vec4 v0x60274c6fab60_0, 0, 1;
    %delay 10000, 0;
    %pushi/vec4 0, 0, 1;
    %store/vec4 v0x60274c6fab60_0, 0, 1;
    %wait E_0x60274c6d0020;
    %delay 1000, 0;
    %vpi_call 2 65 "$display", "[RESULTADO] Bin: %d -> BCD: %h%h%h%h%h (Esperado: 12345)", v0x60274c6fa2a0_0, v0x60274c6fa820_0, v0x60274c6fa740_0, v0x60274c6fa660_0, v0x60274c6fa580_0, v0x60274c6fa4c0_0 {0 0 0};
    %delay 20000, 0;
    %vpi_call 2 69 "$display", "[TB] --- Iniciando Caso 3: bin_in = 65535 ---" {0 0 0};
    %pushi/vec4 65535, 0, 16;
    %store/vec4 v0x60274c6fa2a0_0, 0, 16;
    %pushi/vec4 1, 0, 1;
    %store/vec4 v0x60274c6fab60_0, 0, 1;
    %delay 10000, 0;
    %pushi/vec4 0, 0, 1;
    %store/vec4 v0x60274c6fab60_0, 0, 1;
    %wait E_0x60274c6d0020;
    %delay 1000, 0;
    %vpi_call 2 77 "$display", "[RESULTADO] Bin: %d -> BCD: %h%h%h%h%h (Esperado: 65535)", v0x60274c6fa2a0_0, v0x60274c6fa820_0, v0x60274c6fa740_0, v0x60274c6fa660_0, v0x60274c6fa580_0, v0x60274c6fa4c0_0 {0 0 0};
    %delay 40000, 0;
    %vpi_call 2 81 "$display", "[TB] --- Simulaci\303\263n Finalizada Exitosamente ---" {0 0 0};
    %vpi_call 2 82 "$finish" {0 0 0};
    %end;
    .thread T_6;
# The file index is used to find the file name in the following table.
:file_names 9;
    "N/A";
    "<interactive>";
    "bintobcd_tb.v";
    "bintobcd.v";
    "comp_zero.v";
    "contador.v";
    "corrector_bcd.v";
    "ctrl.v";
    "reg_R.v";
