#! /usr/bin/vvp
:ivl_version "12.0 (stable)";
:ivl_delay_selection "TYPICAL";
:vpi_time_precision - 12;
:vpi_module "/usr/lib/x86_64-linux-gnu/ivl/system.vpi";
:vpi_module "/usr/lib/x86_64-linux-gnu/ivl/vhdl_sys.vpi";
:vpi_module "/usr/lib/x86_64-linux-gnu/ivl/vhdl_textio.vpi";
:vpi_module "/usr/lib/x86_64-linux-gnu/ivl/v2005_math.vpi";
:vpi_module "/usr/lib/x86_64-linux-gnu/ivl/va_math.vpi";
S_0x642253804640 .scope module, "bcd2bin_TB" "bcd2bin_TB" 2 4;
 .timescale -9 -12;
P_0x6422538047d0 .param/real "DUTY_CYCLE" 0 2 26, Cr<m4000000000000000gfc1>; value=0.500000
P_0x642253804810 .param/l "OFFSET" 0 2 27, +C4<00000000000000000000000000000000>;
P_0x642253804850 .param/l "PERIOD" 0 2 25, +C4<00000000000000000000000000010100>;
v0x642253849700_0 .var "bcd_in", 19 0;
v0x642253849830_0 .net "bin_out", 15 0, L_0x642253849bc0;  1 drivers
v0x6422538498f0_0 .var "clk", 0 0;
v0x642253849990_0 .net "done", 0 0, v0x642253847b10_0;  1 drivers
v0x642253849a30_0 .var "rst", 0 0;
v0x642253849b20_0 .var "start", 0 0;
E_0x6422538236d0 .event posedge, v0x642253847b10_0;
S_0x6422538048f0 .scope begin, "TEST_CASE" "TEST_CASE" 2 77, 2 77 0, S_0x642253804640;
 .timescale -9 -12;
S_0x64225380b080 .scope module, "uut" "bcd2bin" 2 16, 3 1 0, S_0x642253804640;
 .timescale -9 -12;
    .port_info 0 /INPUT 1 "clk";
    .port_info 1 /INPUT 1 "rst";
    .port_info 2 /INPUT 1 "start";
    .port_info 3 /INPUT 20 "bcd_in";
    .port_info 4 /OUTPUT 1 "done";
    .port_info 5 /OUTPUT 16 "bin_out";
v0x642253848bb0_0 .net "R_wire", 35 0, v0x6422538483e0_0;  1 drivers
v0x642253848c90_0 .net "bcd_corr_wire", 19 0, v0x642253847050_0;  1 drivers
v0x642253848d30_0 .net "bcd_in", 19 0, v0x642253849700_0;  1 drivers
v0x642253848dd0_0 .net "bin_out", 15 0, L_0x642253849bc0;  alias, 1 drivers
v0x642253848e90_0 .net "clk", 0 0, v0x6422538498f0_0;  1 drivers
v0x642253848f80_0 .net "correct_wire", 0 0, v0x6422538479d0_0;  1 drivers
v0x642253849070_0 .net "count_wire", 4 0, v0x642253846980_0;  1 drivers
v0x642253849180_0 .net "dec_wire", 0 0, v0x642253847a70_0;  1 drivers
v0x642253849270_0 .net "done", 0 0, v0x642253847b10_0;  alias, 1 drivers
v0x642253849310_0 .net "load_wire", 0 0, v0x642253847bb0_0;  1 drivers
v0x6422538493b0_0 .net "rst", 0 0, v0x642253849a30_0;  1 drivers
v0x642253849450_0 .net "shift_wire", 0 0, v0x642253847d40_0;  1 drivers
v0x6422538494f0_0 .net "start", 0 0, v0x642253849b20_0;  1 drivers
v0x642253849590_0 .net "z_wire", 0 0, L_0x642253859f40;  1 drivers
L_0x642253849bc0 .part v0x6422538483e0_0, 0, 16;
L_0x64225385a0d0 .part v0x6422538483e0_0, 16, 20;
S_0x64225380b260 .scope module, "U_COMP" "comp_zero" 3 43, 4 1 0, S_0x64225380b080;
 .timescale -9 -12;
    .port_info 0 /INPUT 5 "count";
    .port_info 1 /OUTPUT 1 "z";
v0x642253826d40_0 .net *"_ivl_0", 31 0, L_0x642253849d00;  1 drivers
L_0x77c799db70f0 .functor BUFT 1, C4<0>, C4<0>, C4<0>, C4<0>;
v0x642253827180_0 .net/2u *"_ivl_10", 0 0, L_0x77c799db70f0;  1 drivers
L_0x77c799db7018 .functor BUFT 1, C4<000000000000000000000000000>, C4<0>, C4<0>, C4<0>;
v0x642253827490_0 .net *"_ivl_3", 26 0, L_0x77c799db7018;  1 drivers
L_0x77c799db7060 .functor BUFT 1, C4<00000000000000000000000000000000>, C4<0>, C4<0>, C4<0>;
v0x642253827900_0 .net/2u *"_ivl_4", 31 0, L_0x77c799db7060;  1 drivers
v0x642253827d50_0 .net *"_ivl_6", 0 0, L_0x642253859e00;  1 drivers
L_0x77c799db70a8 .functor BUFT 1, C4<1>, C4<0>, C4<0>, C4<0>;
v0x642253828060_0 .net/2u *"_ivl_8", 0 0, L_0x77c799db70a8;  1 drivers
v0x642253828320_0 .net "count", 4 0, v0x642253846980_0;  alias, 1 drivers
v0x642253828770_0 .net "z", 0 0, L_0x642253859f40;  alias, 1 drivers
L_0x642253849d00 .concat [ 5 27 0 0], v0x642253846980_0, L_0x77c799db7018;
L_0x642253859e00 .cmp/eq 32, L_0x642253849d00, L_0x77c799db7060;
L_0x642253859f40 .functor MUXZ 1, L_0x77c799db70f0, L_0x77c799db70a8, L_0x642253859e00, C4<>;
S_0x642253846740 .scope module, "U_CONT" "contador" 3 34, 5 1 0, S_0x64225380b080;
 .timescale -9 -12;
    .port_info 0 /INPUT 1 "clk";
    .port_info 1 /INPUT 1 "rst";
    .port_info 2 /INPUT 1 "load";
    .port_info 3 /INPUT 1 "dec";
    .port_info 4 /OUTPUT 5 "count";
v0x642253802720_0 .net "clk", 0 0, v0x6422538498f0_0;  alias, 1 drivers
v0x642253846980_0 .var "count", 4 0;
v0x642253846a40_0 .net "dec", 0 0, v0x642253847a70_0;  alias, 1 drivers
v0x642253846ae0_0 .net "load", 0 0, v0x642253847bb0_0;  alias, 1 drivers
v0x642253846b80_0 .net "rst", 0 0, v0x642253849a30_0;  alias, 1 drivers
E_0x642253824230 .event posedge, v0x642253802720_0;
S_0x642253846d30 .scope module, "U_CORR" "corrector_bin" 3 49, 6 1 0, S_0x64225380b080;
 .timescale -9 -12;
    .port_info 0 /INPUT 20 "bcd_in";
    .port_info 1 /OUTPUT 20 "bcd_out";
v0x642253846f50_0 .net "bcd_in", 19 0, L_0x64225385a0d0;  1 drivers
v0x642253847050_0 .var "bcd_out", 19 0;
E_0x6422538232a0 .event anyedge, v0x642253846f50_0;
S_0x642253847190 .scope module, "U_CTRL" "ctrl" 3 21, 7 1 0, S_0x64225380b080;
 .timescale -9 -12;
    .port_info 0 /INPUT 1 "clk";
    .port_info 1 /INPUT 1 "rst";
    .port_info 2 /INPUT 1 "start";
    .port_info 3 /INPUT 1 "z";
    .port_info 4 /OUTPUT 1 "done";
    .port_info 5 /OUTPUT 1 "shift";
    .port_info 6 /OUTPUT 1 "load";
    .port_info 7 /OUTPUT 1 "dec";
    .port_info 8 /OUTPUT 1 "correct";
P_0x642253847370 .param/l "CHECK" 0 7 15, C4<010>;
P_0x6422538473b0 .param/l "CORRECT" 0 7 16, C4<011>;
P_0x6422538473f0 .param/l "END" 0 7 18, C4<101>;
P_0x642253847430 .param/l "LOAD" 0 7 14, C4<001>;
P_0x642253847470 .param/l "SHIFT" 0 7 17, C4<100>;
P_0x6422538474b0 .param/l "START" 0 7 13, C4<000>;
v0x642253847910_0 .net "clk", 0 0, v0x6422538498f0_0;  alias, 1 drivers
v0x6422538479d0_0 .var "correct", 0 0;
v0x642253847a70_0 .var "dec", 0 0;
v0x642253847b10_0 .var "done", 0 0;
v0x642253847bb0_0 .var "load", 0 0;
v0x642253847ca0_0 .net "rst", 0 0, v0x642253849a30_0;  alias, 1 drivers
v0x642253847d40_0 .var "shift", 0 0;
v0x642253847de0_0 .net "start", 0 0, v0x642253849b20_0;  alias, 1 drivers
v0x642253847e80_0 .var "state", 2 0;
v0x642253847f40_0 .net "z", 0 0, L_0x642253859f40;  alias, 1 drivers
E_0x642253823aa0 .event negedge, v0x642253802720_0;
E_0x642253822980 .event anyedge, v0x642253847e80_0;
S_0x6422538480e0 .scope module, "U_REG" "reg_R" 3 55, 8 1 0, S_0x64225380b080;
 .timescale -9 -12;
    .port_info 0 /INPUT 1 "clk";
    .port_info 1 /INPUT 1 "rst";
    .port_info 2 /INPUT 20 "bcd_in";
    .port_info 3 /INPUT 20 "bcd_corr";
    .port_info 4 /INPUT 1 "load";
    .port_info 5 /INPUT 1 "shift";
    .port_info 6 /INPUT 1 "correct";
    .port_info 7 /OUTPUT 36 "R";
v0x6422538483e0_0 .var "R", 35 0;
v0x6422538484e0_0 .net "bcd_corr", 19 0, v0x642253847050_0;  alias, 1 drivers
v0x6422538485a0_0 .net "bcd_in", 19 0, v0x642253849700_0;  alias, 1 drivers
v0x642253848640_0 .net "clk", 0 0, v0x6422538498f0_0;  alias, 1 drivers
v0x642253848730_0 .net "correct", 0 0, v0x6422538479d0_0;  alias, 1 drivers
v0x642253848820_0 .net "load", 0 0, v0x642253847bb0_0;  alias, 1 drivers
v0x642253848910_0 .net "rst", 0 0, v0x642253849a30_0;  alias, 1 drivers
v0x642253848a00_0 .net "shift", 0 0, v0x642253847d40_0;  alias, 1 drivers
    .scope S_0x642253847190;
T_0 ;
    %wait E_0x642253822980;
    %load/vec4 v0x642253847e80_0;
    %dup/vec4;
    %pushi/vec4 0, 0, 3;
    %cmp/u;
    %jmp/1 T_0.0, 6;
    %dup/vec4;
    %pushi/vec4 1, 0, 3;
    %cmp/u;
    %jmp/1 T_0.1, 6;
    %dup/vec4;
    %pushi/vec4 2, 0, 3;
    %cmp/u;
    %jmp/1 T_0.2, 6;
    %dup/vec4;
    %pushi/vec4 3, 0, 3;
    %cmp/u;
    %jmp/1 T_0.3, 6;
    %dup/vec4;
    %pushi/vec4 4, 0, 3;
    %cmp/u;
    %jmp/1 T_0.4, 6;
    %dup/vec4;
    %pushi/vec4 5, 0, 3;
    %cmp/u;
    %jmp/1 T_0.5, 6;
    %pushi/vec4 0, 0, 1;
    %store/vec4 v0x642253847b10_0, 0, 1;
    %pushi/vec4 0, 0, 1;
    %store/vec4 v0x642253847d40_0, 0, 1;
    %pushi/vec4 0, 0, 1;
    %store/vec4 v0x642253847bb0_0, 0, 1;
    %pushi/vec4 0, 0, 1;
    %store/vec4 v0x642253847a70_0, 0, 1;
    %pushi/vec4 0, 0, 1;
    %store/vec4 v0x6422538479d0_0, 0, 1;
    %jmp T_0.7;
T_0.0 ;
    %pushi/vec4 0, 0, 1;
    %store/vec4 v0x642253847b10_0, 0, 1;
    %pushi/vec4 0, 0, 1;
    %store/vec4 v0x642253847d40_0, 0, 1;
    %pushi/vec4 0, 0, 1;
    %store/vec4 v0x642253847bb0_0, 0, 1;
    %pushi/vec4 0, 0, 1;
    %store/vec4 v0x642253847a70_0, 0, 1;
    %pushi/vec4 0, 0, 1;
    %store/vec4 v0x6422538479d0_0, 0, 1;
    %jmp T_0.7;
T_0.1 ;
    %pushi/vec4 0, 0, 1;
    %store/vec4 v0x642253847b10_0, 0, 1;
    %pushi/vec4 0, 0, 1;
    %store/vec4 v0x642253847d40_0, 0, 1;
    %pushi/vec4 1, 0, 1;
    %store/vec4 v0x642253847bb0_0, 0, 1;
    %pushi/vec4 0, 0, 1;
    %store/vec4 v0x642253847a70_0, 0, 1;
    %pushi/vec4 0, 0, 1;
    %store/vec4 v0x6422538479d0_0, 0, 1;
    %jmp T_0.7;
T_0.2 ;
    %pushi/vec4 0, 0, 1;
    %store/vec4 v0x642253847b10_0, 0, 1;
    %pushi/vec4 0, 0, 1;
    %store/vec4 v0x642253847d40_0, 0, 1;
    %pushi/vec4 0, 0, 1;
    %store/vec4 v0x642253847bb0_0, 0, 1;
    %pushi/vec4 0, 0, 1;
    %store/vec4 v0x642253847a70_0, 0, 1;
    %pushi/vec4 0, 0, 1;
    %store/vec4 v0x6422538479d0_0, 0, 1;
    %jmp T_0.7;
T_0.3 ;
    %pushi/vec4 0, 0, 1;
    %store/vec4 v0x642253847b10_0, 0, 1;
    %pushi/vec4 0, 0, 1;
    %store/vec4 v0x642253847d40_0, 0, 1;
    %pushi/vec4 0, 0, 1;
    %store/vec4 v0x642253847bb0_0, 0, 1;
    %pushi/vec4 0, 0, 1;
    %store/vec4 v0x642253847a70_0, 0, 1;
    %pushi/vec4 1, 0, 1;
    %store/vec4 v0x6422538479d0_0, 0, 1;
    %jmp T_0.7;
T_0.4 ;
    %pushi/vec4 0, 0, 1;
    %store/vec4 v0x642253847b10_0, 0, 1;
    %pushi/vec4 1, 0, 1;
    %store/vec4 v0x642253847d40_0, 0, 1;
    %pushi/vec4 0, 0, 1;
    %store/vec4 v0x642253847bb0_0, 0, 1;
    %pushi/vec4 1, 0, 1;
    %store/vec4 v0x642253847a70_0, 0, 1;
    %pushi/vec4 0, 0, 1;
    %store/vec4 v0x6422538479d0_0, 0, 1;
    %jmp T_0.7;
T_0.5 ;
    %pushi/vec4 1, 0, 1;
    %store/vec4 v0x642253847b10_0, 0, 1;
    %pushi/vec4 0, 0, 1;
    %store/vec4 v0x642253847d40_0, 0, 1;
    %pushi/vec4 0, 0, 1;
    %store/vec4 v0x642253847bb0_0, 0, 1;
    %pushi/vec4 0, 0, 1;
    %store/vec4 v0x642253847a70_0, 0, 1;
    %pushi/vec4 0, 0, 1;
    %store/vec4 v0x6422538479d0_0, 0, 1;
    %jmp T_0.7;
T_0.7 ;
    %pop/vec4 1;
    %jmp T_0;
    .thread T_0, $push;
    .scope S_0x642253847190;
T_1 ;
    %wait E_0x642253823aa0;
    %load/vec4 v0x642253847ca0_0;
    %flag_set/vec4 8;
    %jmp/0xz  T_1.0, 8;
    %pushi/vec4 0, 0, 3;
    %assign/vec4 v0x642253847e80_0, 0;
    %jmp T_1.1;
T_1.0 ;
    %load/vec4 v0x642253847e80_0;
    %dup/vec4;
    %pushi/vec4 0, 0, 3;
    %cmp/u;
    %jmp/1 T_1.2, 6;
    %dup/vec4;
    %pushi/vec4 1, 0, 3;
    %cmp/u;
    %jmp/1 T_1.3, 6;
    %dup/vec4;
    %pushi/vec4 2, 0, 3;
    %cmp/u;
    %jmp/1 T_1.4, 6;
    %dup/vec4;
    %pushi/vec4 3, 0, 3;
    %cmp/u;
    %jmp/1 T_1.5, 6;
    %dup/vec4;
    %pushi/vec4 4, 0, 3;
    %cmp/u;
    %jmp/1 T_1.6, 6;
    %dup/vec4;
    %pushi/vec4 5, 0, 3;
    %cmp/u;
    %jmp/1 T_1.7, 6;
    %pushi/vec4 0, 0, 3;
    %assign/vec4 v0x642253847e80_0, 0;
    %jmp T_1.9;
T_1.2 ;
    %load/vec4 v0x642253847de0_0;
    %flag_set/vec4 8;
    %jmp/0xz  T_1.10, 8;
    %pushi/vec4 1, 0, 3;
    %assign/vec4 v0x642253847e80_0, 0;
    %jmp T_1.11;
T_1.10 ;
    %pushi/vec4 0, 0, 3;
    %assign/vec4 v0x642253847e80_0, 0;
T_1.11 ;
    %jmp T_1.9;
T_1.3 ;
    %pushi/vec4 2, 0, 3;
    %assign/vec4 v0x642253847e80_0, 0;
    %jmp T_1.9;
T_1.4 ;
    %load/vec4 v0x642253847f40_0;
    %flag_set/vec4 8;
    %jmp/0xz  T_1.12, 8;
    %pushi/vec4 5, 0, 3;
    %assign/vec4 v0x642253847e80_0, 0;
    %jmp T_1.13;
T_1.12 ;
    %pushi/vec4 3, 0, 3;
    %assign/vec4 v0x642253847e80_0, 0;
T_1.13 ;
    %jmp T_1.9;
T_1.5 ;
    %pushi/vec4 4, 0, 3;
    %assign/vec4 v0x642253847e80_0, 0;
    %jmp T_1.9;
T_1.6 ;
    %pushi/vec4 2, 0, 3;
    %assign/vec4 v0x642253847e80_0, 0;
    %jmp T_1.9;
T_1.7 ;
    %load/vec4 v0x642253847de0_0;
    %flag_set/vec4 8;
    %jmp/0xz  T_1.14, 8;
    %pushi/vec4 5, 0, 3;
    %assign/vec4 v0x642253847e80_0, 0;
    %jmp T_1.15;
T_1.14 ;
    %pushi/vec4 0, 0, 3;
    %assign/vec4 v0x642253847e80_0, 0;
T_1.15 ;
    %jmp T_1.9;
T_1.9 ;
    %pop/vec4 1;
T_1.1 ;
    %jmp T_1;
    .thread T_1;
    .scope S_0x642253846740;
T_2 ;
    %wait E_0x642253824230;
    %load/vec4 v0x642253846b80_0;
    %flag_set/vec4 8;
    %jmp/0xz  T_2.0, 8;
    %pushi/vec4 0, 0, 5;
    %assign/vec4 v0x642253846980_0, 0;
    %jmp T_2.1;
T_2.0 ;
    %load/vec4 v0x642253846ae0_0;
    %flag_set/vec4 8;
    %jmp/0xz  T_2.2, 8;
    %pushi/vec4 16, 0, 5;
    %assign/vec4 v0x642253846980_0, 0;
    %jmp T_2.3;
T_2.2 ;
    %load/vec4 v0x642253846a40_0;
    %flag_set/vec4 8;
    %jmp/0xz  T_2.4, 8;
    %load/vec4 v0x642253846980_0;
    %subi 1, 0, 5;
    %assign/vec4 v0x642253846980_0, 0;
T_2.4 ;
T_2.3 ;
T_2.1 ;
    %jmp T_2;
    .thread T_2;
    .scope S_0x642253846d30;
T_3 ;
    %wait E_0x6422538232a0;
    %load/vec4 v0x642253846f50_0;
    %parti/s 4, 0, 2;
    %cmpi/u 8, 0, 4;
    %flag_inv 5; GE is !LT
    %jmp/0xz  T_3.0, 5;
    %load/vec4 v0x642253846f50_0;
    %parti/s 4, 0, 2;
    %subi 3, 0, 4;
    %ix/load 4, 0, 0;
    %flag_set/imm 4, 0;
    %store/vec4 v0x642253847050_0, 4, 4;
    %jmp T_3.1;
T_3.0 ;
    %load/vec4 v0x642253846f50_0;
    %parti/s 4, 0, 2;
    %ix/load 4, 0, 0;
    %flag_set/imm 4, 0;
    %store/vec4 v0x642253847050_0, 4, 4;
T_3.1 ;
    %load/vec4 v0x642253846f50_0;
    %parti/s 4, 4, 4;
    %cmpi/u 8, 0, 4;
    %flag_inv 5; GE is !LT
    %jmp/0xz  T_3.2, 5;
    %load/vec4 v0x642253846f50_0;
    %parti/s 4, 4, 4;
    %subi 3, 0, 4;
    %ix/load 4, 4, 0;
    %flag_set/imm 4, 0;
    %store/vec4 v0x642253847050_0, 4, 4;
    %jmp T_3.3;
T_3.2 ;
    %load/vec4 v0x642253846f50_0;
    %parti/s 4, 4, 4;
    %ix/load 4, 4, 0;
    %flag_set/imm 4, 0;
    %store/vec4 v0x642253847050_0, 4, 4;
T_3.3 ;
    %load/vec4 v0x642253846f50_0;
    %parti/s 4, 8, 5;
    %cmpi/u 8, 0, 4;
    %flag_inv 5; GE is !LT
    %jmp/0xz  T_3.4, 5;
    %load/vec4 v0x642253846f50_0;
    %parti/s 4, 8, 5;
    %subi 3, 0, 4;
    %ix/load 4, 8, 0;
    %flag_set/imm 4, 0;
    %store/vec4 v0x642253847050_0, 4, 4;
    %jmp T_3.5;
T_3.4 ;
    %load/vec4 v0x642253846f50_0;
    %parti/s 4, 8, 5;
    %ix/load 4, 8, 0;
    %flag_set/imm 4, 0;
    %store/vec4 v0x642253847050_0, 4, 4;
T_3.5 ;
    %load/vec4 v0x642253846f50_0;
    %parti/s 4, 12, 5;
    %cmpi/u 8, 0, 4;
    %flag_inv 5; GE is !LT
    %jmp/0xz  T_3.6, 5;
    %load/vec4 v0x642253846f50_0;
    %parti/s 4, 12, 5;
    %subi 3, 0, 4;
    %ix/load 4, 12, 0;
    %flag_set/imm 4, 0;
    %store/vec4 v0x642253847050_0, 4, 4;
    %jmp T_3.7;
T_3.6 ;
    %load/vec4 v0x642253846f50_0;
    %parti/s 4, 12, 5;
    %ix/load 4, 12, 0;
    %flag_set/imm 4, 0;
    %store/vec4 v0x642253847050_0, 4, 4;
T_3.7 ;
    %load/vec4 v0x642253846f50_0;
    %parti/s 4, 16, 6;
    %cmpi/u 8, 0, 4;
    %flag_inv 5; GE is !LT
    %jmp/0xz  T_3.8, 5;
    %load/vec4 v0x642253846f50_0;
    %parti/s 4, 16, 6;
    %subi 3, 0, 4;
    %ix/load 4, 16, 0;
    %flag_set/imm 4, 0;
    %store/vec4 v0x642253847050_0, 4, 4;
    %jmp T_3.9;
T_3.8 ;
    %load/vec4 v0x642253846f50_0;
    %parti/s 4, 16, 6;
    %ix/load 4, 16, 0;
    %flag_set/imm 4, 0;
    %store/vec4 v0x642253847050_0, 4, 4;
T_3.9 ;
    %jmp T_3;
    .thread T_3, $push;
    .scope S_0x6422538480e0;
T_4 ;
    %wait E_0x642253824230;
    %load/vec4 v0x642253848910_0;
    %flag_set/vec4 8;
    %jmp/0xz  T_4.0, 8;
    %pushi/vec4 0, 0, 36;
    %assign/vec4 v0x6422538483e0_0, 0;
    %jmp T_4.1;
T_4.0 ;
    %load/vec4 v0x642253848820_0;
    %flag_set/vec4 8;
    %jmp/0xz  T_4.2, 8;
    %load/vec4 v0x6422538485a0_0;
    %concati/vec4 0, 0, 16;
    %assign/vec4 v0x6422538483e0_0, 0;
    %jmp T_4.3;
T_4.2 ;
    %load/vec4 v0x642253848730_0;
    %flag_set/vec4 8;
    %jmp/0xz  T_4.4, 8;
    %load/vec4 v0x6422538484e0_0;
    %load/vec4 v0x6422538483e0_0;
    %parti/s 16, 0, 2;
    %concat/vec4; draw_concat_vec4
    %assign/vec4 v0x6422538483e0_0, 0;
    %jmp T_4.5;
T_4.4 ;
    %load/vec4 v0x642253848a00_0;
    %flag_set/vec4 8;
    %jmp/0xz  T_4.6, 8;
    %load/vec4 v0x6422538483e0_0;
    %ix/load 4, 1, 0;
    %flag_set/imm 4, 0;
    %shiftr 4;
    %assign/vec4 v0x6422538483e0_0, 0;
T_4.6 ;
T_4.5 ;
T_4.3 ;
T_4.1 ;
    %jmp T_4;
    .thread T_4;
    .scope S_0x642253804640;
T_5 ;
    %delay 0, 0;
T_5.0 ;
    %pushi/vec4 0, 0, 1;
    %store/vec4 v0x6422538498f0_0, 0, 1;
    %delay 10000, 0;
    %pushi/vec4 1, 0, 1;
    %store/vec4 v0x6422538498f0_0, 0, 1;
    %delay 10000, 0;
    %jmp T_5.0;
    %end;
    .thread T_5;
    .scope S_0x642253804640;
T_6 ;
    %delay 0, 0;
    %pushi/vec4 1, 0, 1;
    %store/vec4 v0x642253849a30_0, 0, 1;
    %pushi/vec4 0, 0, 1;
    %store/vec4 v0x642253849b20_0, 0, 1;
    %pushi/vec4 0, 0, 20;
    %store/vec4 v0x642253849700_0, 0, 20;
    %wait E_0x642253824230;
    %pushi/vec4 0, 0, 1;
    %store/vec4 v0x642253849a30_0, 0, 1;
    %wait E_0x642253824230;
    %wait E_0x642253824230;
    %pushi/vec4 74565, 0, 20;
    %store/vec4 v0x642253849700_0, 0, 20;
    %pushi/vec4 1, 0, 1;
    %store/vec4 v0x642253849b20_0, 0, 1;
    %wait E_0x642253824230;
    %pushi/vec4 0, 0, 1;
    %store/vec4 v0x642253849b20_0, 0, 1;
    %wait E_0x6422538236d0;
    %delay 60000, 0;
    %wait E_0x642253824230;
    %pushi/vec4 69, 0, 20;
    %store/vec4 v0x642253849700_0, 0, 20;
    %pushi/vec4 1, 0, 1;
    %store/vec4 v0x642253849b20_0, 0, 1;
    %wait E_0x642253824230;
    %pushi/vec4 0, 0, 1;
    %store/vec4 v0x642253849b20_0, 0, 1;
    %wait E_0x6422538236d0;
    %delay 60000, 0;
    %wait E_0x642253824230;
    %pushi/vec4 415029, 0, 20;
    %store/vec4 v0x642253849700_0, 0, 20;
    %pushi/vec4 1, 0, 1;
    %store/vec4 v0x642253849b20_0, 0, 1;
    %wait E_0x642253824230;
    %pushi/vec4 0, 0, 1;
    %store/vec4 v0x642253849b20_0, 0, 1;
    %wait E_0x6422538236d0;
    %delay 60000, 0;
    %vpi_call 2 73 "$finish" {0 0 0};
    %end;
    .thread T_6;
    .scope S_0x642253804640;
T_7 ;
    %fork t_1, S_0x6422538048f0;
    %jmp t_0;
    .scope S_0x6422538048f0;
t_1 ;
    %vpi_call 2 78 "$dumpfile", "bcd2bin_tb.vcd" {0 0 0};
    %vpi_call 2 79 "$dumpvars", 32'sb11111111111111111111111111111111, S_0x64225380b080 {0 0 0};
    %delay 15000000, 0;
    %vpi_call 2 80 "$finish" {0 0 0};
    %end;
    .scope S_0x642253804640;
t_0 %join;
    %end;
    .thread T_7;
# The file index is used to find the file name in the following table.
:file_names 9;
    "N/A";
    "<interactive>";
    "bcd2bin_tb.v";
    "bcd2bin.v";
    "comp_zero.v";
    "contador.v";
    "corrector_bin.v";
    "ctrl.v";
    "reg_R.v";
